
> insight-engine@1.0.0 build
> vite build

[36mvite v5.4.21 [32mbuilding for production...[36m[39m
transforming...
node.exe : node:intern
al/process/promises:39
4
At C:\Program Files\no
dejs\npm.ps1:29 char:3
+   & $NODE_EXE 
$NPM_CLI_JS $args
+   ~~~~~~~~~~~~~~~~~~
~~~~~~~~~~~
    + CategoryInfo    
          : 
NotSpecified    : 
(node:internal/pr    
ocess/promises:394:   
 String) [], RemoteE  
  xception
    + 
FullyQualifiedErr    
orId : NativeComman   
 dError
 
    triggerUncaughtExc
eption(err, true /* 
fromPromise */);
    ^

[Failed to load 
PostCSS config: 
Failed to load 
PostCSS config 
(searchPath: C:/Users/
thist/InsightEngine_De
sktop): [Error] 
Loading PostCSS 
Plugin failed: Cannot 
find module 
'tailwindcss'
Require stack:
- C:\Users\thist\Insig
htEngine_Desktop\postc
ss.config.cjs

(@C:\Users\thist\Insig
htEngine_Desktop\postc
ss.config.cjs)
Error: Loading 
PostCSS Plugin 
failed: Cannot find 
module 'tailwindcss'
Require stack:
- C:\Users\thist\Insig
htEngine_Desktop\postc
ss.config.cjs

(@C:\Users\thist\Insig
htEngine_Desktop\postc
ss.config.cjs)
    at load (file:///C
:/Users/thist/InsightE
ngine_Desktop/node_mod
ules/vite/dist/node/ch
unks/dep-BK3b2jBa.js:3
3632:11)
    at file:///C:/User
s/thist/InsightEngine_
Desktop/node_modules/v
ite/dist/node/chunks/d
ep-BK3b2jBa.js:33657:1
6
    at Array.map 
(<anonymous>)
    at plugins (file:/
//C:/Users/thist/Insig
htEngine_Desktop/node_
modules/vite/dist/node
/chunks/dep-BK3b2jBa.j
s:33656:8)
    at processResult (
file:///C:/Users/thist
/InsightEngine_Desktop
/node_modules/vite/dis
t/node/chunks/dep-BK3b
2jBa.js:33726:14)
    at file:///C:/User
s/thist/InsightEngine_
Desktop/node_modules/v
ite/dist/node/chunks/d
ep-BK3b2jBa.js:33856:1
4]

Node.js v22.17.1
